/root/miniconda3/envs/sparseformerv2/lib/python3.8/site-packages/torch/distributed/launch.py:181: FutureWarning: The module torch.distributed.launch is deprecated
and will be removed in future. Use torchrun.
Note that --use-env is set by default in torchrun.
If your script expects `--local-rank` argument to be set, please
change it to read from `os.environ['LOCAL_RANK']` instead. See 
https://pytorch.org/docs/stable/distributed.html#launch-utility for 
further instructions

  warnings.warn(
/root/miniconda3/envs/sparseformerv2/lib/python3.8/site-packages/timm/models/layers/__init__.py:48: FutureWarning: Importing from timm.models.layers is deprecated, please import via timm.layers
  warnings.warn(f"Importing from {__name__} is deprecated, please import via timm.layers", FutureWarning)
/root/miniconda3/envs/sparseformerv2/lib/python3.8/site-packages/timm/models/layers/__init__.py:48: FutureWarning: Importing from timm.models.layers is deprecated, please import via timm.layers
  warnings.warn(f"Importing from {__name__} is deprecated, please import via timm.layers", FutureWarning)
/root/miniconda3/envs/sparseformerv2/lib/python3.8/site-packages/timm/models/layers/__init__.py:48: FutureWarning: Importing from timm.models.layers is deprecated, please import via timm.layers
  warnings.warn(f"Importing from {__name__} is deprecated, please import via timm.layers", FutureWarning)
/root/miniconda3/envs/sparseformerv2/lib/python3.8/site-packages/timm/models/layers/__init__.py:48: FutureWarning: Importing from timm.models.layers is deprecated, please import via timm.layers
  warnings.warn(f"Importing from {__name__} is deprecated, please import via timm.layers", FutureWarning)
/root/miniconda3/envs/sparseformerv2/lib/python3.8/site-packages/timm/models/layers/__init__.py:48: FutureWarning: Importing from timm.models.layers is deprecated, please import via timm.layers
  warnings.warn(f"Importing from {__name__} is deprecated, please import via timm.layers", FutureWarning)
/root/miniconda3/envs/sparseformerv2/lib/python3.8/site-packages/timm/models/layers/__init__.py:48: FutureWarning: Importing from timm.models.layers is deprecated, please import via timm.layers
  warnings.warn(f"Importing from {__name__} is deprecated, please import via timm.layers", FutureWarning)
/root/miniconda3/envs/sparseformerv2/lib/python3.8/site-packages/timm/models/layers/__init__.py:48: FutureWarning: Importing from timm.models.layers is deprecated, please import via timm.layers
  warnings.warn(f"Importing from {__name__} is deprecated, please import via timm.layers", FutureWarning)
/root/miniconda3/envs/sparseformerv2/lib/python3.8/site-packages/timm/models/layers/__init__.py:48: FutureWarning: Importing from timm.models.layers is deprecated, please import via timm.layers
  warnings.warn(f"Importing from {__name__} is deprecated, please import via timm.layers", FutureWarning)
2025-09-03 09:15:27,620   INFO  **********************Start logging**********************
2025-09-03 09:15:27,620   INFO  CUDA_VISIBLE_DEVICES=ALL
2025-09-03 09:15:27,620   INFO  Training in distributed mode : total_batch_size: 32
2025-09-03 09:15:27,620   INFO  cfg_file         cfgs/sparse_models/sparse_former_light.yaml
2025-09-03 09:15:27,620   INFO  batch_size       4
2025-09-03 09:15:27,620   INFO  epochs           20
2025-09-03 09:15:27,620   INFO  workers          12
2025-09-03 09:15:27,620   INFO  extra_tag        default
2025-09-03 09:15:27,620   INFO  ckpt             None
2025-09-03 09:15:27,620   INFO  pretrained_model None
2025-09-03 09:15:27,621   INFO  launcher         pytorch
2025-09-03 09:15:27,621   INFO  tcp_port         18888
2025-09-03 09:15:27,621   INFO  sync_bn          True
2025-09-03 09:15:27,621   INFO  fix_random_seed  False
2025-09-03 09:15:27,621   INFO  ckpt_save_interval 1
2025-09-03 09:15:27,621   INFO  local_rank       0
2025-09-03 09:15:27,621   INFO  max_ckpt_save_num 30
2025-09-03 09:15:27,621   INFO  merge_all_iters_to_one_epoch False
2025-09-03 09:15:27,621   INFO  set_cfgs         None
2025-09-03 09:15:27,621   INFO  max_waiting_mins 0
2025-09-03 09:15:27,621   INFO  start_epoch      0
2025-09-03 09:15:27,621   INFO  num_epochs_to_eval 0
2025-09-03 09:15:27,621   INFO  save_to_file     False
2025-09-03 09:15:27,621   INFO  use_tqdm_to_record False
2025-09-03 09:15:27,621   INFO  logger_iter_interval 50
2025-09-03 09:15:27,621   INFO  ckpt_save_time_interval 300
2025-09-03 09:15:27,621   INFO  wo_gpu_stat      True
2025-09-03 09:15:27,621   INFO  use_amp          False
2025-09-03 09:15:27,621   INFO  eval_map         False
2025-09-03 09:15:27,621   INFO  dataset          nuscenes
2025-09-03 09:15:27,621   INFO  root_dir         /mnt/csi-data-aly/user/hongfeizhang/mypaper/SparseFormerV2
2025-09-03 09:15:27,621   INFO  output_dir       /mnt/csi-data-aly/user/hongfeizhang/mypaper/SparseFormerV2/workdir/voxelnext/encoder/voxelnext_en_3layer_1lc_zhx_de_1layer_v3_32p_.0diff_.1lr_.1wd
2025-09-03 09:15:27,621   INFO  cfg.ROOT_DIR: /mnt/csi-data-aly/user/hongfeizhang/mypaper/SparseFormerV2
2025-09-03 09:15:27,621   INFO  cfg.LOCAL_RANK: 0
2025-09-03 09:15:27,621   INFO  cfg.CLASS_NAMES: ['car', 'truck', 'construction_vehicle', 'bus', 'trailer', 'barrier', 'motorcycle', 'bicycle', 'pedestrian', 'traffic_cone']
2025-09-03 09:15:27,621   INFO  ----------- DATA_CONFIG -----------
2025-09-03 09:15:27,622   INFO  cfg.DATA_CONFIG.DATASET: NuScenesDataset
2025-09-03 09:15:27,622   INFO  cfg.DATA_CONFIG.DATA_PATH: /mnt/csi-data-aly/user/hongfeizhang/mypaper/SparseFormerV2/data/nuscenes
2025-09-03 09:15:27,622   INFO  cfg.DATA_CONFIG.VERSION: v1.0-trainval
2025-09-03 09:15:27,622   INFO  cfg.DATA_CONFIG.MAX_SWEEPS: 10
2025-09-03 09:15:27,622   INFO  cfg.DATA_CONFIG.PRED_VELOCITY: True
2025-09-03 09:15:27,622   INFO  cfg.DATA_CONFIG.SET_NAN_VELOCITY_TO_ZEROS: True
2025-09-03 09:15:27,622   INFO  cfg.DATA_CONFIG.FILTER_MIN_POINTS_IN_GT: 1
2025-09-03 09:15:27,622   INFO  ----------- DATA_SPLIT -----------
2025-09-03 09:15:27,622   INFO  cfg.DATA_CONFIG.DATA_SPLIT.train: train
2025-09-03 09:15:27,622   INFO  cfg.DATA_CONFIG.DATA_SPLIT.test: val
2025-09-03 09:15:27,622   INFO  ----------- INFO_PATH -----------
2025-09-03 09:15:27,622   INFO  cfg.DATA_CONFIG.INFO_PATH.train: ['nuscenes_infos_10sweeps_train.pkl']
2025-09-03 09:15:27,622   INFO  cfg.DATA_CONFIG.INFO_PATH.test: ['nuscenes_infos_10sweeps_val.pkl']
2025-09-03 09:15:27,622   INFO  cfg.DATA_CONFIG.POINT_CLOUD_RANGE: [-54.0, -54.0, -5.0, 54.0, 54.0, 3.0]
2025-09-03 09:15:27,622   INFO  cfg.DATA_CONFIG.BALANCED_RESAMPLING: True
2025-09-03 09:15:27,622   INFO  ----------- DATA_AUGMENTOR -----------
2025-09-03 09:15:27,622   INFO  cfg.DATA_CONFIG.DATA_AUGMENTOR.DISABLE_AUG_LIST: ['placeholder']
2025-09-03 09:15:27,622   INFO  cfg.DATA_CONFIG.DATA_AUGMENTOR.AUG_CONFIG_LIST: [{'NAME': 'gt_sampling', 'DB_INFO_PATH': ['nuscenes_dbinfos_10sweeps_withvelo.pkl'], 'USE_SHARED_MEMORY': True, 'DB_DATA_PATH': ['nuscenes_10sweeps_withvelo_lidar.npy'], 'PREPARE': {'filter_by_min_points': ['car:5', 'truck:5', 'construction_vehicle:5', 'bus:5', 'trailer:5', 'barrier:5', 'motorcycle:5', 'bicycle:5', 'pedestrian:5', 'traffic_cone:5']}, 'SAMPLE_GROUPS': ['car:2', 'truck:3', 'construction_vehicle:7', 'bus:4', 'trailer:6', 'barrier:2', 'motorcycle:6', 'bicycle:6', 'pedestrian:2', 'traffic_cone:2'], 'NUM_POINT_FEATURES': 5, 'DATABASE_WITH_FAKELIDAR': False, 'REMOVE_EXTRA_WIDTH': [0.0, 0.0, 0.0], 'LIMIT_WHOLE_SCENE': True}, {'NAME': 'random_world_flip', 'ALONG_AXIS_LIST': ['x', 'y']}, {'NAME': 'random_world_rotation', 'WORLD_ROT_ANGLE': [-0.78539816, 0.78539816]}, {'NAME': 'random_world_scaling', 'WORLD_SCALE_RANGE': [0.9, 1.1]}, {'NAME': 'random_world_translation', 'NOISE_TRANSLATE_STD': [0.5, 0.5, 0.5]}]
2025-09-03 09:15:27,625   INFO  ----------- POINT_FEATURE_ENCODING -----------
2025-09-03 09:15:27,625   INFO  cfg.DATA_CONFIG.POINT_FEATURE_ENCODING.encoding_type: absolute_coordinates_encoding
2025-09-03 09:15:27,625   INFO  cfg.DATA_CONFIG.POINT_FEATURE_ENCODING.used_feature_list: ['x', 'y', 'z', 'intensity', 'timestamp']
2025-09-03 09:15:27,625   INFO  cfg.DATA_CONFIG.POINT_FEATURE_ENCODING.src_feature_list: ['x', 'y', 'z', 'intensity', 'timestamp']
2025-09-03 09:15:27,625   INFO  cfg.DATA_CONFIG.DATA_PROCESSOR: [{'NAME': 'mask_points_and_boxes_outside_range', 'REMOVE_OUTSIDE_BOXES': True, 'MASK_Z': True}, {'NAME': 'shuffle_points', 'SHUFFLE_ENABLED': {'train': True, 'test': True}}, {'NAME': 'transform_points_to_voxels_placeholder', 'VOXEL_SIZE': [0.075, 0.075, 0.2]}]
2025-09-03 09:15:27,625   INFO  cfg.DATA_CONFIG._BASE_CONFIG_: cfgs/dataset_configs/nuscenes_dataset.yaml
2025-09-03 09:15:27,625   INFO  ----------- MODEL -----------
2025-09-03 09:15:27,625   INFO  cfg.MODEL.NAME: TransFusion
2025-09-03 09:15:27,625   INFO  ----------- VFE -----------
2025-09-03 09:15:27,625   INFO  cfg.MODEL.VFE.NAME: DynamicVoxelVFE
2025-09-03 09:15:27,625   INFO  cfg.MODEL.VFE.USE_NORM: True
2025-09-03 09:15:27,625   INFO  cfg.MODEL.VFE.WITH_DISTANCE: False
2025-09-03 09:15:27,625   INFO  cfg.MODEL.VFE.USE_ABSLOTE_XYZ: True
2025-09-03 09:15:27,626   INFO  cfg.MODEL.VFE.NUM_FILTERS: [64, 64]
2025-09-03 09:15:27,626   INFO  ----------- BACKBONE_3D -----------
2025-09-03 09:15:27,626   INFO  cfg.MODEL.BACKBONE_3D.NAME: VoxelResBackBone8xVoxelNeXt
2025-09-03 09:15:27,626   INFO  cfg.MODEL.BACKBONE_3D.CHANNELS: [64, 64, 64, 128, 128]
2025-09-03 09:15:27,626   INFO  ----------- DENSE_HEAD -----------
2025-09-03 09:15:27,626   INFO  cfg.MODEL.DENSE_HEAD.NAME: SparseFormerHead
2025-09-03 09:15:27,626   INFO  ----------- SPENCODER -----------
2025-09-03 09:15:27,626   INFO  cfg.MODEL.DENSE_HEAD.SPENCODER.NUM_LAYERS: 3
2025-09-03 09:15:27,626   INFO  cfg.MODEL.DENSE_HEAD.SPENCODER.ORDERS: [['z', 'z-trans'], ['hilbert', 'hilbert-trans'], ['x', 'y']]
2025-09-03 09:15:27,626   INFO  ----------- SMSA -----------
2025-09-03 09:15:27,626   INFO  cfg.MODEL.DENSE_HEAD.SPENCODER.SMSA.EMBED_DIM: 128
2025-09-03 09:15:27,626   INFO  cfg.MODEL.DENSE_HEAD.SPENCODER.SMSA.DEPTH: 8
2025-09-03 09:15:27,626   INFO  cfg.MODEL.DENSE_HEAD.SPENCODER.SMSA.NUM_LEVELS: 3
2025-09-03 09:15:27,626   INFO  cfg.MODEL.DENSE_HEAD.SPENCODER.SMSA.WINDOW_SHAPE: [9, 9]
2025-09-03 09:15:27,626   INFO  cfg.MODEL.DENSE_HEAD.SPENCODER.SMSA.DROP_PATH: 0.2
2025-09-03 09:15:27,626   INFO  cfg.MODEL.DENSE_HEAD.SPENCODER.SMSA.SPATIAL_ENHANCE: True
2025-09-03 09:15:27,626   INFO  cfg.MODEL.DENSE_HEAD.SPENCODER.SMSA.FUSED_ADD_NORM: True
2025-09-03 09:15:27,627   INFO  cfg.MODEL.DENSE_HEAD.SPENCODER.SMSA.RMS_NORM: True
2025-09-03 09:15:27,627   INFO  cfg.MODEL.DENSE_HEAD.SPENCODER.SMSA.NORM_EPSILON: 1e-05
2025-09-03 09:15:27,627   INFO  cfg.MODEL.DENSE_HEAD.SPENCODER.SMSA.RESIDUAL_IN_FP32: True
2025-09-03 09:15:27,627   INFO  cfg.MODEL.DENSE_HEAD.SPENCODER.SMSA.DIFF_COEF: 0.0
2025-09-03 09:15:27,627   INFO  cfg.MODEL.DENSE_HEAD.SPENCODER.SMSA.DIFF_KERNEL: [7, 5, 3]
2025-09-03 09:15:27,627   INFO  ----------- SPDECODER -----------
2025-09-03 09:15:27,627   INFO  cfg.MODEL.DENSE_HEAD.SPDECODER.NUM_LAYERS: 1
2025-09-03 09:15:27,627   INFO  cfg.MODEL.DENSE_HEAD.SPDECODER.NUM_LEVELS: 3
2025-09-03 09:15:27,627   INFO  cfg.MODEL.DENSE_HEAD.SPDECODER.WINDOW_SHAPE: [[9, 9], [5, 5], [3, 3]]
2025-09-03 09:15:27,627   INFO  cfg.MODEL.DENSE_HEAD.SPDECODER.NUM_POINTS: [32, 32, 32]
2025-09-03 09:15:27,627   INFO  cfg.MODEL.DENSE_HEAD.SPDECODER.DEPTH: [8, 7, 6]
2025-09-03 09:15:27,627   INFO  cfg.MODEL.DENSE_HEAD.SPDECODER.FFN_DIM: 256
2025-09-03 09:15:27,627   INFO  cfg.MODEL.DENSE_HEAD.SPDECODER.DROPOUT: 0.1
2025-09-03 09:15:27,627   INFO  cfg.MODEL.DENSE_HEAD.SPDECODER.NUM_HEADS: 8
2025-09-03 09:15:27,627   INFO  cfg.MODEL.DENSE_HEAD.SPDECODER.FUSION_HEADS: 4
2025-09-03 09:15:27,627   INFO  cfg.MODEL.DENSE_HEAD.SPDECODER.ORDERS: [['x', 'y']]
2025-09-03 09:15:27,627   INFO  ----------- SDCA -----------
2025-09-03 09:15:27,627   INFO  cfg.MODEL.DENSE_HEAD.SPDECODER.SDCA.EMBED_DIM: 128
2025-09-03 09:15:27,627   INFO  cfg.MODEL.DENSE_HEAD.SPDECODER.SDCA.NUM_HEADS: 8
2025-09-03 09:15:27,627   INFO  cfg.MODEL.DENSE_HEAD.SPDECODER.SDCA.DROPOUT: 0.1
2025-09-03 09:15:27,627   INFO  cfg.MODEL.DENSE_HEAD.CLASS_AGNOSTIC: False
2025-09-03 09:15:27,627   INFO  cfg.MODEL.DENSE_HEAD.USE_BIAS_BEFORE_NORM: True
2025-09-03 09:15:27,627   INFO  cfg.MODEL.DENSE_HEAD.USE_TENSOR_MASK: True
2025-09-03 09:15:27,627   INFO  cfg.MODEL.DENSE_HEAD.USE_DENSE_HEATMAP: True
2025-09-03 09:15:27,627   INFO  cfg.MODEL.DENSE_HEAD.INPUT_FEATURES: 128
2025-09-03 09:15:27,627   INFO  cfg.MODEL.DENSE_HEAD.NUM_PROPOSALS: 300
2025-09-03 09:15:27,627   INFO  cfg.MODEL.DENSE_HEAD.HIDDEN_CHANNEL: 128
2025-09-03 09:15:27,627   INFO  cfg.MODEL.DENSE_HEAD.NUM_CLASSES: 10
2025-09-03 09:15:27,627   INFO  cfg.MODEL.DENSE_HEAD.NUM_HEADS: 8
2025-09-03 09:15:27,628   INFO  cfg.MODEL.DENSE_HEAD.NMS_KERNEL_SIZE: 3
2025-09-03 09:15:27,628   INFO  cfg.MODEL.DENSE_HEAD.FFN_CHANNEL: 256
2025-09-03 09:15:27,628   INFO  cfg.MODEL.DENSE_HEAD.DROPOUT: 0.1
2025-09-03 09:15:27,628   INFO  cfg.MODEL.DENSE_HEAD.BN_MOMENTUM: 0.1
2025-09-03 09:15:27,628   INFO  cfg.MODEL.DENSE_HEAD.ACTIVATION: relu
2025-09-03 09:15:27,628   INFO  cfg.MODEL.DENSE_HEAD.NUM_HM_CONV: 2
2025-09-03 09:15:27,628   INFO  ----------- SEPARATE_HEAD_CFG -----------
2025-09-03 09:15:27,628   INFO  cfg.MODEL.DENSE_HEAD.SEPARATE_HEAD_CFG.HEAD_ORDER: ['center', 'height', 'dim', 'rot', 'vel', 'iou']
2025-09-03 09:15:27,628   INFO  ----------- HEAD_DICT -----------
2025-09-03 09:15:27,628   INFO  ----------- center -----------
2025-09-03 09:15:27,628   INFO  cfg.MODEL.DENSE_HEAD.SEPARATE_HEAD_CFG.HEAD_DICT.center.out_channels: 2
2025-09-03 09:15:27,628   INFO  cfg.MODEL.DENSE_HEAD.SEPARATE_HEAD_CFG.HEAD_DICT.center.num_conv: 2
2025-09-03 09:15:27,628   INFO  ----------- height -----------
2025-09-03 09:15:27,628   INFO  cfg.MODEL.DENSE_HEAD.SEPARATE_HEAD_CFG.HEAD_DICT.height.out_channels: 1
2025-09-03 09:15:27,628   INFO  cfg.MODEL.DENSE_HEAD.SEPARATE_HEAD_CFG.HEAD_DICT.height.num_conv: 2
2025-09-03 09:15:27,628   INFO  ----------- dim -----------
2025-09-03 09:15:27,628   INFO  cfg.MODEL.DENSE_HEAD.SEPARATE_HEAD_CFG.HEAD_DICT.dim.out_channels: 3
2025-09-03 09:15:27,628   INFO  cfg.MODEL.DENSE_HEAD.SEPARATE_HEAD_CFG.HEAD_DICT.dim.num_conv: 2
2025-09-03 09:15:27,628   INFO  ----------- rot -----------
2025-09-03 09:15:27,628   INFO  cfg.MODEL.DENSE_HEAD.SEPARATE_HEAD_CFG.HEAD_DICT.rot.out_channels: 2
2025-09-03 09:15:27,628   INFO  cfg.MODEL.DENSE_HEAD.SEPARATE_HEAD_CFG.HEAD_DICT.rot.num_conv: 2
2025-09-03 09:15:27,628   INFO  ----------- vel -----------
2025-09-03 09:15:27,628   INFO  cfg.MODEL.DENSE_HEAD.SEPARATE_HEAD_CFG.HEAD_DICT.vel.out_channels: 2
2025-09-03 09:15:27,628   INFO  cfg.MODEL.DENSE_HEAD.SEPARATE_HEAD_CFG.HEAD_DICT.vel.num_conv: 2
2025-09-03 09:15:27,628   INFO  ----------- iou -----------
2025-09-03 09:15:27,628   INFO  cfg.MODEL.DENSE_HEAD.SEPARATE_HEAD_CFG.HEAD_DICT.iou.out_channels: 1
2025-09-03 09:15:27,628   INFO  cfg.MODEL.DENSE_HEAD.SEPARATE_HEAD_CFG.HEAD_DICT.iou.num_conv: 2
2025-09-03 09:15:27,628   INFO  ----------- TARGET_ASSIGNER_CONFIG -----------
2025-09-03 09:15:27,628   INFO  cfg.MODEL.DENSE_HEAD.TARGET_ASSIGNER_CONFIG.DATASET: nuScenes
2025-09-03 09:15:27,628   INFO  cfg.MODEL.DENSE_HEAD.TARGET_ASSIGNER_CONFIG.FEATURE_MAP_STRIDE: 8
2025-09-03 09:15:27,628   INFO  cfg.MODEL.DENSE_HEAD.TARGET_ASSIGNER_CONFIG.GAUSSIAN_OVERLAP: 0.1
2025-09-03 09:15:27,628   INFO  cfg.MODEL.DENSE_HEAD.TARGET_ASSIGNER_CONFIG.MIN_RADIUS: 2
2025-09-03 09:15:27,628   INFO  ----------- HUNGARIAN_ASSIGNER -----------
2025-09-03 09:15:27,628   INFO  ----------- cls_cost -----------
2025-09-03 09:15:27,629   INFO  cfg.MODEL.DENSE_HEAD.TARGET_ASSIGNER_CONFIG.HUNGARIAN_ASSIGNER.cls_cost.gamma: 2.0
2025-09-03 09:15:27,629   INFO  cfg.MODEL.DENSE_HEAD.TARGET_ASSIGNER_CONFIG.HUNGARIAN_ASSIGNER.cls_cost.alpha: 0.25
2025-09-03 09:15:27,629   INFO  cfg.MODEL.DENSE_HEAD.TARGET_ASSIGNER_CONFIG.HUNGARIAN_ASSIGNER.cls_cost.weight: 0.15
2025-09-03 09:15:27,629   INFO  ----------- reg_cost -----------
2025-09-03 09:15:27,629   INFO  cfg.MODEL.DENSE_HEAD.TARGET_ASSIGNER_CONFIG.HUNGARIAN_ASSIGNER.reg_cost.weight: 0.25
2025-09-03 09:15:27,629   INFO  ----------- iou_cost -----------
2025-09-03 09:15:27,629   INFO  cfg.MODEL.DENSE_HEAD.TARGET_ASSIGNER_CONFIG.HUNGARIAN_ASSIGNER.iou_cost.weight: 0.25
2025-09-03 09:15:27,629   INFO  ----------- LOSS_CONFIG -----------
2025-09-03 09:15:27,629   INFO  ----------- LOSS_WEIGHTS -----------
2025-09-03 09:15:27,629   INFO  cfg.MODEL.DENSE_HEAD.LOSS_CONFIG.LOSS_WEIGHTS.cls_weight: 1.0
2025-09-03 09:15:27,629   INFO  cfg.MODEL.DENSE_HEAD.LOSS_CONFIG.LOSS_WEIGHTS.bbox_weight: 0.25
2025-09-03 09:15:27,629   INFO  cfg.MODEL.DENSE_HEAD.LOSS_CONFIG.LOSS_WEIGHTS.hm_weight: 1.0
2025-09-03 09:15:27,629   INFO  cfg.MODEL.DENSE_HEAD.LOSS_CONFIG.LOSS_WEIGHTS.iou_weight: 0.5
2025-09-03 09:15:27,629   INFO  cfg.MODEL.DENSE_HEAD.LOSS_CONFIG.LOSS_WEIGHTS.iou_reg_weight: 0.5
2025-09-03 09:15:27,629   INFO  cfg.MODEL.DENSE_HEAD.LOSS_CONFIG.LOSS_WEIGHTS.code_weights: [1.0, 1.0, 1.0, 1.0, 1.0, 1.0, 1.0, 1.0, 0.2, 0.2]
2025-09-03 09:15:27,629   INFO  ----------- LOSS_CLS -----------
2025-09-03 09:15:27,629   INFO  cfg.MODEL.DENSE_HEAD.LOSS_CONFIG.LOSS_CLS.use_sigmoid: True
2025-09-03 09:15:27,629   INFO  cfg.MODEL.DENSE_HEAD.LOSS_CONFIG.LOSS_CLS.gamma: 2.0
2025-09-03 09:15:27,629   INFO  cfg.MODEL.DENSE_HEAD.LOSS_CONFIG.LOSS_CLS.alpha: 0.25
2025-09-03 09:15:27,629   INFO  cfg.MODEL.DENSE_HEAD.LOSS_CONFIG.LOSS_IOU: True
2025-09-03 09:15:27,629   INFO  cfg.MODEL.DENSE_HEAD.LOSS_CONFIG.LOSS_IOU_REG: True
2025-09-03 09:15:27,629   INFO  ----------- POST_PROCESSING -----------
2025-09-03 09:15:27,629   INFO  cfg.MODEL.DENSE_HEAD.POST_PROCESSING.SCORE_THRESH: 0.0
2025-09-03 09:15:27,629   INFO  cfg.MODEL.DENSE_HEAD.POST_PROCESSING.POST_CENTER_RANGE: [-61.2, -61.2, -10.0, 61.2, 61.2, 10.0]
2025-09-03 09:15:27,629   INFO  cfg.MODEL.DENSE_HEAD.POST_PROCESSING.USE_IOU_TO_RECTIFY_SCORE: True
2025-09-03 09:15:27,629   INFO  cfg.MODEL.DENSE_HEAD.POST_PROCESSING.IOU_RECTIFIER: [0.5]
2025-09-03 09:15:27,629   INFO  ----------- NMS_CONFIG -----------
2025-09-03 09:15:27,629   INFO  cfg.MODEL.DENSE_HEAD.NMS_CONFIG.NMS_TYPE: nms_gpu
2025-09-03 09:15:27,629   INFO  cfg.MODEL.DENSE_HEAD.NMS_CONFIG.NMS_THRESH: 0.2
2025-09-03 09:15:27,629   INFO  cfg.MODEL.DENSE_HEAD.NMS_CONFIG.NMS_PRE_MAXSIZE: 1000
2025-09-03 09:15:27,629   INFO  cfg.MODEL.DENSE_HEAD.NMS_CONFIG.NMS_POST_MAXSIZE: 100
2025-09-03 09:15:27,629   INFO  cfg.MODEL.DENSE_HEAD.NMS_CONFIG.SCORE_THRES: 0.0
2025-09-03 09:15:27,629   INFO  ----------- POST_PROCESSING -----------
2025-09-03 09:15:27,629   INFO  cfg.MODEL.POST_PROCESSING.RECALL_THRESH_LIST: [0.3, 0.5, 0.7]
2025-09-03 09:15:27,630   INFO  cfg.MODEL.POST_PROCESSING.SCORE_THRESH: 0.1
2025-09-03 09:15:27,630   INFO  cfg.MODEL.POST_PROCESSING.OUTPUT_RAW_SCORE: False
2025-09-03 09:15:27,630   INFO  cfg.MODEL.POST_PROCESSING.EVAL_METRIC: kitti
2025-09-03 09:15:27,630   INFO  ----------- NMS_CONFIG -----------
2025-09-03 09:15:27,630   INFO  cfg.MODEL.POST_PROCESSING.NMS_CONFIG.MULTI_CLASSES_NMS: True
2025-09-03 09:15:27,630   INFO  cfg.MODEL.POST_PROCESSING.NMS_CONFIG.NMS_TYPE: nms_gpu
2025-09-03 09:15:27,630   INFO  cfg.MODEL.POST_PROCESSING.NMS_CONFIG.NMS_THRESH: 0.2
2025-09-03 09:15:27,630   INFO  cfg.MODEL.POST_PROCESSING.NMS_CONFIG.NMS_PRE_MAXSIZE: 1000
2025-09-03 09:15:27,630   INFO  cfg.MODEL.POST_PROCESSING.NMS_CONFIG.NMS_POST_MAXSIZE: 83
2025-09-03 09:15:27,630   INFO  ----------- OPTIMIZATION -----------
2025-09-03 09:15:27,630   INFO  cfg.OPTIMIZATION.BATCH_SIZE_PER_GPU: 4
2025-09-03 09:15:27,630   INFO  cfg.OPTIMIZATION.NUM_EPOCHS: 20
2025-09-03 09:15:27,630   INFO  cfg.OPTIMIZATION.OPTIMIZER: adam_onecycle
2025-09-03 09:15:27,630   INFO  cfg.OPTIMIZATION.LR: 0.001
2025-09-03 09:15:27,630   INFO  cfg.OPTIMIZATION.WEIGHT_DECAY: 0.01
2025-09-03 09:15:27,630   INFO  cfg.OPTIMIZATION.MOMENTUM: 0.9
2025-09-03 09:15:27,630   INFO  cfg.OPTIMIZATION.MOMS: [0.95, 0.85]
2025-09-03 09:15:27,630   INFO  cfg.OPTIMIZATION.PCT_START: 0.4
2025-09-03 09:15:27,630   INFO  cfg.OPTIMIZATION.DIV_FACTOR: 10
2025-09-03 09:15:27,630   INFO  cfg.OPTIMIZATION.DECAY_STEP_LIST: [35, 45]
2025-09-03 09:15:27,630   INFO  cfg.OPTIMIZATION.LR_DECAY: 0.1
2025-09-03 09:15:27,630   INFO  cfg.OPTIMIZATION.LR_CLIP: 1e-07
2025-09-03 09:15:27,630   INFO  cfg.OPTIMIZATION.LR_WARMUP: False
2025-09-03 09:15:27,630   INFO  cfg.OPTIMIZATION.WARMUP_EPOCH: 1
2025-09-03 09:15:27,630   INFO  cfg.OPTIMIZATION.GRAD_NORM_CLIP: 35
2025-09-03 09:15:27,630   INFO  cfg.OPTIMIZATION.LOSS_SCALE_FP16: 4.0
2025-09-03 09:15:27,630   INFO  ----------- HOOK -----------
2025-09-03 09:15:27,630   INFO  ----------- DisableAugmentationHook -----------
2025-09-03 09:15:27,631   INFO  cfg.HOOK.DisableAugmentationHook.DISABLE_AUG_LIST: ['gt_sampling']
2025-09-03 09:15:27,631   INFO  cfg.HOOK.DisableAugmentationHook.NUM_LAST_EPOCHS: 4
2025-09-03 09:15:27,631   INFO  cfg.TAG: sparse_former_light
2025-09-03 09:15:27,631   INFO  cfg.EXP_GROUP_PATH: sparse_models
2025-09-03 09:15:27,631   INFO  cfg.OUTPUT_DIR: /mnt/csi-data-aly/user/hongfeizhang/mypaper/SparseFormerV2/workdir/voxelnext/encoder/voxelnext_en_3layer_1lc_zhx_de_1layer_v3_32p_.0diff_.1lr_.1wd
2025-09-03 09:15:27,638   INFO  ----------- Create dataloader & network & optimizer -----------
2025-09-03 09:15:32,988   INFO  Database filter by min points car: 339949 => 294532
2025-09-03 09:15:32,999   INFO  Database filter by min points truck: 65262 => 60344
2025-09-03 09:15:33,001   INFO  Database filter by min points construction_vehicle: 11050 => 10589
2025-09-03 09:15:33,002   INFO  Database filter by min points bus: 12286 => 11619
2025-09-03 09:15:33,005   INFO  Database filter by min points trailer: 19202 => 17934
2025-09-03 09:15:33,017   INFO  Database filter by min points barrier: 107507 => 101993
2025-09-03 09:15:33,019   INFO  Database filter by min points motorcycle: 8846 => 8055
2025-09-03 09:15:33,020   INFO  Database filter by min points bicycle: 8185 => 7531
2025-09-03 09:15:33,036   INFO  Database filter by min points pedestrian: 161928 => 148520
2025-09-03 09:15:33,044   INFO  Database filter by min points traffic_cone: 62964 => 55504
2025-09-03 09:15:33,044   INFO  Loading GT database to shared memory
eflops79:23:23 [0] NCCL INFO NCCL_SOCKET_IFNAME set by environment to bond
eflops79:23:23 [0] NCCL INFO Bootstrap : Using bond0:10.16.10.225<0>
eflops79:23:23 [0] NCCL INFO NET/Plugin: Failed to find ncclCollNetPlugin_v6 symbol.
eflops79:23:23 [0] NCCL INFO NET/Plugin: Failed to find ncclCollNetPlugin symbol (v4 or v5).
eflops79:23:23 [0] NCCL INFO cudaDriverVersion 12050
NCCL version 2.18.5+cuda11.8
eflops79:28:28 [5] NCCL INFO cudaDriverVersion 12050
eflops79:29:29 [6] NCCL INFO cudaDriverVersion 12050
eflops79:25:25 [2] NCCL INFO cudaDriverVersion 12050
eflops79:28:28 [5] NCCL INFO NCCL_SOCKET_IFNAME set by environment to bond
eflops79:29:29 [6] NCCL INFO NCCL_SOCKET_IFNAME set by environment to bond
eflops79:25:25 [2] NCCL INFO NCCL_SOCKET_IFNAME set by environment to bond
eflops79:27:27 [4] NCCL INFO cudaDriverVersion 12050
eflops79:30:30 [7] NCCL INFO cudaDriverVersion 12050
eflops79:26:26 [3] NCCL INFO cudaDriverVersion 12050
eflops79:24:24 [1] NCCL INFO cudaDriverVersion 12050
eflops79:27:27 [4] NCCL INFO NCCL_SOCKET_IFNAME set by environment to bond
eflops79:30:30 [7] NCCL INFO NCCL_SOCKET_IFNAME set by environment to bond
eflops79:26:26 [3] NCCL INFO NCCL_SOCKET_IFNAME set by environment to bond
eflops79:24:24 [1] NCCL INFO NCCL_SOCKET_IFNAME set by environment to bond
eflops79:28:28 [5] NCCL INFO Bootstrap : Using bond0:10.16.10.225<0>
eflops79:25:25 [2] NCCL INFO Bootstrap : Using bond0:10.16.10.225<0>
eflops79:30:30 [7] NCCL INFO Bootstrap : Using bond0:10.16.10.225<0>
eflops79:26:26 [3] NCCL INFO Bootstrap : Using bond0:10.16.10.225<0>
eflops79:29:29 [6] NCCL INFO Bootstrap : Using bond0:10.16.10.225<0>
eflops79:24:24 [1] NCCL INFO Bootstrap : Using bond0:10.16.10.225<0>
eflops79:28:28 [5] NCCL INFO NET/Plugin: Failed to find ncclCollNetPlugin_v6 symbol.
eflops79:28:28 [5] NCCL INFO NET/Plugin: Failed to find ncclCollNetPlugin symbol (v4 or v5).
eflops79:30:30 [7] NCCL INFO NET/Plugin: Failed to find ncclCollNetPlugin_v6 symbol.
eflops79:26:26 [3] NCCL INFO NET/Plugin: Failed to find ncclCollNetPlugin_v6 symbol.
eflops79:30:30 [7] NCCL INFO NET/Plugin: Failed to find ncclCollNetPlugin symbol (v4 or v5).
eflops79:26:26 [3] NCCL INFO NET/Plugin: Failed to find ncclCollNetPlugin symbol (v4 or v5).
eflops79:27:27 [4] NCCL INFO Bootstrap : Using bond0:10.16.10.225<0>
eflops79:25:25 [2] NCCL INFO NET/Plugin: Failed to find ncclCollNetPlugin_v6 symbol.
eflops79:25:25 [2] NCCL INFO NET/Plugin: Failed to find ncclCollNetPlugin symbol (v4 or v5).
eflops79:29:29 [6] NCCL INFO NET/Plugin: Failed to find ncclCollNetPlugin_v6 symbol.
eflops79:29:29 [6] NCCL INFO NET/Plugin: Failed to find ncclCollNetPlugin symbol (v4 or v5).
eflops79:24:24 [1] NCCL INFO NET/Plugin: Failed to find ncclCollNetPlugin_v6 symbol.
eflops79:24:24 [1] NCCL INFO NET/Plugin: Failed to find ncclCollNetPlugin symbol (v4 or v5).
eflops79:27:27 [4] NCCL INFO NET/Plugin: Failed to find ncclCollNetPlugin_v6 symbol.
eflops79:27:27 [4] NCCL INFO NET/Plugin: Failed to find ncclCollNetPlugin symbol (v4 or v5).
eflops79:26:100 [3] NCCL INFO Plugin Path : /usr/local/nccl-rdma-sharp-plugins/lib/libnccl-net.so
eflops79:26:100 [3] NCCL INFO P2P plugin IBext
eflops79:26:100 [3] NCCL INFO NCCL_SOCKET_IFNAME set by environment to bond

eflops79:26:100 [3] ibvwrap.c:66 NCCL WARN Call to ibv_open_device failed

eflops79:26:100 [3] p2p_plugin.c:233 NCCL WARN NET/IB : Unable to open device mlx5_bond_0
eflops79:26:100 [3] NCCL INFO NET/IB : No device found.
eflops79:26:100 [3] NCCL INFO NCCL_IB_DISABLE set by environment to 1.
eflops79:26:100 [3] NCCL INFO NCCL_SOCKET_IFNAME set by environment to bond
eflops79:26:100 [3] NCCL INFO NET/Socket : Using [0]bond0:10.16.10.225<0>
eflops79:26:100 [3] NCCL INFO Using network Socket
eflops79:29:105 [6] NCCL INFO Plugin Path : /usr/local/nccl-rdma-sharp-plugins/lib/libnccl-net.so
eflops79:29:105 [6] NCCL INFO P2P plugin IBext
eflops79:29:105 [6] NCCL INFO NCCL_SOCKET_IFNAME set by environment to bond
eflops79:27:102 [4] NCCL INFO Plugin Path : /usr/local/nccl-rdma-sharp-plugins/lib/libnccl-net.so
eflops79:27:102 [4] NCCL INFO P2P plugin IBext
eflops79:27:102 [4] NCCL INFO NCCL_SOCKET_IFNAME set by environment to bond
eflops79:28:106 [5] NCCL INFO Plugin Path : /usr/local/nccl-rdma-sharp-plugins/lib/libnccl-net.so
eflops79:28:106 [5] NCCL INFO P2P plugin IBext
eflops79:28:106 [5] NCCL INFO NCCL_SOCKET_IFNAME set by environment to bond
eflops79:23:99 [0] NCCL INFO Plugin Path : /usr/local/nccl-rdma-sharp-plugins/lib/libnccl-net.so
eflops79:23:99 [0] NCCL INFO P2P plugin IBext
eflops79:23:99 [0] NCCL INFO NCCL_SOCKET_IFNAME set by environment to bond
eflops79:24:104 [1] NCCL INFO Plugin Path : /usr/local/nccl-rdma-sharp-plugins/lib/libnccl-net.so
eflops79:24:104 [1] NCCL INFO P2P plugin IBext
eflops79:24:104 [1] NCCL INFO NCCL_SOCKET_IFNAME set by environment to bond
eflops79:25:103 [2] NCCL INFO Plugin Path : /usr/local/nccl-rdma-sharp-plugins/lib/libnccl-net.so
eflops79:25:103 [2] NCCL INFO P2P plugin IBext
eflops79:25:103 [2] NCCL INFO NCCL_SOCKET_IFNAME set by environment to bond
eflops79:30:101 [7] NCCL INFO Plugin Path : /usr/local/nccl-rdma-sharp-plugins/lib/libnccl-net.so
eflops79:30:101 [7] NCCL INFO P2P plugin IBext
eflops79:30:101 [7] NCCL INFO NCCL_SOCKET_IFNAME set by environment to bond

eflops79:29:105 [6] ibvwrap.c:66 NCCL WARN Call to ibv_open_device failed

eflops79:29:105 [6] p2p_plugin.c:233 NCCL WARN NET/IB : Unable to open device mlx5_bond_0
eflops79:29:105 [6] NCCL INFO NET/IB : No device found.
eflops79:29:105 [6] NCCL INFO NCCL_IB_DISABLE set by environment to 1.

eflops79:27:102 [4] ibvwrap.c:66 NCCL WARN Call to ibv_open_device failed

eflops79:27:102 [4] p2p_plugin.c:233 NCCL WARN NET/IB : Unable to open device mlx5_bond_0
eflops79:27:102 [4] NCCL INFO NET/IB : No device found.
eflops79:29:105 [6] NCCL INFO NCCL_SOCKET_IFNAME set by environment to bond
eflops79:27:102 [4] NCCL INFO NCCL_IB_DISABLE set by environment to 1.
eflops79:27:102 [4] NCCL INFO NCCL_SOCKET_IFNAME set by environment to bond

eflops79:28:106 [5] ibvwrap.c:66 NCCL WARN Call to ibv_open_device failed

eflops79:28:106 [5] p2p_plugin.c:233 NCCL WARN NET/IB : Unable to open device mlx5_bond_0
eflops79:28:106 [5] NCCL INFO NET/IB : No device found.
eflops79:28:106 [5] NCCL INFO NCCL_IB_DISABLE set by environment to 1.
eflops79:28:106 [5] NCCL INFO NCCL_SOCKET_IFNAME set by environment to bond

eflops79:24:104 [1] ibvwrap.c:66 NCCL WARN Call to ibv_open_device failed

eflops79:24:104 [1] p2p_plugin.c:233 NCCL WARN NET/IB : Unable to open device mlx5_bond_0
eflops79:24:104 [1] NCCL INFO NET/IB : No device found.
eflops79:24:104 [1] NCCL INFO NCCL_IB_DISABLE set by environment to 1.
eflops79:24:104 [1] NCCL INFO NCCL_SOCKET_IFNAME set by environment to bond

eflops79:23:99 [0] ibvwrap.c:66 NCCL WARN Call to ibv_open_device failed

eflops79:23:99 [0] p2p_plugin.c:233 NCCL WARN NET/IB : Unable to open device mlx5_bond_0
eflops79:23:99 [0] NCCL INFO NET/IB : No device found.
eflops79:23:99 [0] NCCL INFO NCCL_IB_DISABLE set by environment to 1.
eflops79:23:99 [0] NCCL INFO NCCL_SOCKET_IFNAME set by environment to bond
eflops79:29:105 [6] NCCL INFO NET/Socket : Using [0]bond0:10.16.10.225<0>
eflops79:29:105 [6] NCCL INFO Using network Socket
eflops79:27:102 [4] NCCL INFO NET/Socket : Using [0]bond0:10.16.10.225<0>
eflops79:27:102 [4] NCCL INFO Using network Socket
eflops79:28:106 [5] NCCL INFO NET/Socket : Using [0]bond0:10.16.10.225<0>
eflops79:28:106 [5] NCCL INFO Using network Socket
eflops79:24:104 [1] NCCL INFO NET/Socket : Using [0]bond0:10.16.10.225<0>
eflops79:24:104 [1] NCCL INFO Using network Socket
eflops79:23:99 [0] NCCL INFO NET/Socket : Using [0]bond0:10.16.10.225<0>
eflops79:23:99 [0] NCCL INFO Using network Socket

eflops79:25:103 [2] ibvwrap.c:66 NCCL WARN Call to ibv_open_device failed

eflops79:25:103 [2] p2p_plugin.c:233 NCCL WARN NET/IB : Unable to open device mlx5_bond_0
eflops79:25:103 [2] NCCL INFO NET/IB : No device found.
eflops79:25:103 [2] NCCL INFO NCCL_IB_DISABLE set by environment to 1.
eflops79:25:103 [2] NCCL INFO NCCL_SOCKET_IFNAME set by environment to bond

eflops79:30:101 [7] ibvwrap.c:66 NCCL WARN Call to ibv_open_device failed

eflops79:30:101 [7] p2p_plugin.c:233 NCCL WARN NET/IB : Unable to open device mlx5_bond_0
eflops79:30:101 [7] NCCL INFO NET/IB : No device found.
eflops79:30:101 [7] NCCL INFO NCCL_IB_DISABLE set by environment to 1.
eflops79:30:101 [7] NCCL INFO NCCL_SOCKET_IFNAME set by environment to bond
eflops79:25:103 [2] NCCL INFO NET/Socket : Using [0]bond0:10.16.10.225<0>
eflops79:25:103 [2] NCCL INFO Using network Socket
eflops79:30:101 [7] NCCL INFO NET/Socket : Using [0]bond0:10.16.10.225<0>
eflops79:30:101 [7] NCCL INFO Using network Socket
eflops79:25:103 [2] NCCL INFO comm 0x121ebaf0 rank 2 nranks 8 cudaDev 2 nvmlDev 2 busId 29000 commId 0xf3104e65231a057b - Init START
eflops79:24:104 [1] NCCL INFO comm 0x112472a0 rank 1 nranks 8 cudaDev 1 nvmlDev 1 busId 26000 commId 0xf3104e65231a057b - Init START
eflops79:26:100 [3] NCCL INFO comm 0x11c00ee0 rank 3 nranks 8 cudaDev 3 nvmlDev 3 busId 2d000 commId 0xf3104e65231a057b - Init START
eflops79:27:102 [4] NCCL INFO comm 0x11826ca0 rank 4 nranks 8 cudaDev 4 nvmlDev 4 busId a5000 commId 0xf3104e65231a057b - Init START
eflops79:23:99 [0] NCCL INFO comm 0x11738380 rank 0 nranks 8 cudaDev 0 nvmlDev 0 busId 25000 commId 0xf3104e65231a057b - Init START
eflops79:28:106 [5] NCCL INFO comm 0x10d1e280 rank 5 nranks 8 cudaDev 5 nvmlDev 5 busId a6000 commId 0xf3104e65231a057b - Init START
eflops79:30:101 [7] NCCL INFO comm 0x107c0fd0 rank 7 nranks 8 cudaDev 7 nvmlDev 7 busId ad000 commId 0xf3104e65231a057b - Init START
eflops79:29:105 [6] NCCL INFO comm 0x123636c0 rank 6 nranks 8 cudaDev 6 nvmlDev 6 busId a9000 commId 0xf3104e65231a057b - Init START
eflops79:23:99 [0] NCCL INFO Setting affinity for GPU 0 to ff0000,00000000,00ff0000
eflops79:26:100 [3] NCCL INFO Setting affinity for GPU 3 to ff0000,00000000,00ff0000
eflops79:27:102 [4] NCCL INFO Setting affinity for GPU 4 to ff0000,00000000,00ff0000,00000000
eflops79:24:104 [1] NCCL INFO Setting affinity for GPU 1 to ff0000,00000000,00ff0000
eflops79:29:105 [6] NCCL INFO Setting affinity for GPU 6 to ff0000,00000000,00ff0000,00000000
eflops79:30:101 [7] NCCL INFO Setting affinity for GPU 7 to ff0000,00000000,00ff0000,00000000
eflops79:25:103 [2] NCCL INFO Setting affinity for GPU 2 to ff0000,00000000,00ff0000
eflops79:28:106 [5] NCCL INFO Setting affinity for GPU 5 to ff0000,00000000,00ff0000,00000000
eflops79:30:101 [7] NCCL INFO Trees [0] -1/-1/-1->7->6 [1] -1/-1/-1->7->6 [2] -1/-1/-1->7->6 [3] -1/-1/-1->7->6
eflops79:30:101 [7] NCCL INFO P2P Chunksize set to 131072
eflops79:24:104 [1] NCCL INFO Trees [0] 2/-1/-1->1->0 [1] 2/-1/-1->1->0 [2] 2/-1/-1->1->0 [3] 2/-1/-1->1->0
eflops79:25:103 [2] NCCL INFO Trees [0] 3/-1/-1->2->1 [1] 3/-1/-1->2->1 [2] 3/-1/-1->2->1 [3] 3/-1/-1->2->1
eflops79:23:99 [0] NCCL INFO Channel 00/04 :    0   1   2   3   4   5   6   7
eflops79:25:103 [2] NCCL INFO P2P Chunksize set to 131072
eflops79:23:99 [0] NCCL INFO Channel 01/04 :    0   1   2   3   4   5   6   7
eflops79:24:104 [1] NCCL INFO P2P Chunksize set to 131072
eflops79:29:105 [6] NCCL INFO Trees [0] 7/-1/-1->6->5 [1] 7/-1/-1->6->5 [2] 7/-1/-1->6->5 [3] 7/-1/-1->6->5
eflops79:23:99 [0] NCCL INFO Channel 02/04 :    0   1   2   3   4   5   6   7
eflops79:23:99 [0] NCCL INFO Channel 03/04 :    0   1   2   3   4   5   6   7
eflops79:29:105 [6] NCCL INFO P2P Chunksize set to 131072
eflops79:28:106 [5] NCCL INFO Trees [0] 6/-1/-1->5->4 [1] 6/-1/-1->5->4 [2] 6/-1/-1->5->4 [3] 6/-1/-1->5->4
eflops79:23:99 [0] NCCL INFO Trees [0] 1/-1/-1->0->-1 [1] 1/-1/-1->0->-1 [2] 1/-1/-1->0->-1 [3] 1/-1/-1->0->-1
eflops79:28:106 [5] NCCL INFO P2P Chunksize set to 131072
eflops79:23:99 [0] NCCL INFO P2P Chunksize set to 131072
eflops79:27:102 [4] NCCL INFO Trees [0] 5/-1/-1->4->3 [1] 5/-1/-1->4->3 [2] 5/-1/-1->4->3 [3] 5/-1/-1->4->3
eflops79:27:102 [4] NCCL INFO P2P Chunksize set to 131072
eflops79:26:100 [3] NCCL INFO Trees [0] 4/-1/-1->3->2 [1] 4/-1/-1->3->2 [2] 4/-1/-1->3->2 [3] 4/-1/-1->3->2
eflops79:26:100 [3] NCCL INFO P2P Chunksize set to 131072
eflops79:25:103 [2] NCCL INFO Channel 00/0 : 2[2] -> 3[3] via P2P/IPC
eflops79:29:105 [6] NCCL INFO Channel 00/0 : 6[6] -> 7[7] via P2P/IPC
eflops79:24:104 [1] NCCL INFO Channel 00/0 : 1[1] -> 2[2] via P2P/IPC
eflops79:27:102 [4] NCCL INFO Channel 00/0 : 4[4] -> 5[5] via P2P/IPC
eflops79:30:101 [7] NCCL INFO Channel 00/0 : 7[7] -> 0[0] via P2P/IPC
eflops79:26:100 [3] NCCL INFO Channel 00/0 : 3[3] -> 4[4] via P2P/IPC
eflops79:25:103 [2] NCCL INFO Channel 01/0 : 2[2] -> 3[3] via P2P/IPC
eflops79:24:104 [1] NCCL INFO Channel 01/0 : 1[1] -> 2[2] via P2P/IPC
eflops79:29:105 [6] NCCL INFO Channel 01/0 : 6[6] -> 7[7] via P2P/IPC
eflops79:28:106 [5] NCCL INFO Channel 00/0 : 5[5] -> 6[6] via P2P/IPC
eflops79:27:102 [4] NCCL INFO Channel 01/0 : 4[4] -> 5[5] via P2P/IPC
eflops79:30:101 [7] NCCL INFO Channel 01/0 : 7[7] -> 0[0] via P2P/IPC
eflops79:28:106 [5] NCCL INFO Channel 01/0 : 5[5] -> 6[6] via P2P/IPC
eflops79:24:104 [1] NCCL INFO Channel 02/0 : 1[1] -> 2[2] via P2P/IPC
eflops79:29:105 [6] NCCL INFO Channel 02/0 : 6[6] -> 7[7] via P2P/IPC
eflops79:27:102 [4] NCCL INFO Channel 02/0 : 4[4] -> 5[5] via P2P/IPC
eflops79:30:101 [7] NCCL INFO Channel 02/0 : 7[7] -> 0[0] via P2P/IPC
eflops79:28:106 [5] NCCL INFO Channel 02/0 : 5[5] -> 6[6] via P2P/IPC
eflops79:24:104 [1] NCCL INFO Channel 03/0 : 1[1] -> 2[2] via P2P/IPC
eflops79:29:105 [6] NCCL INFO Channel 03/0 : 6[6] -> 7[7] via P2P/IPC
eflops79:27:102 [4] NCCL INFO Channel 03/0 : 4[4] -> 5[5] via P2P/IPC
eflops79:30:101 [7] NCCL INFO Channel 03/0 : 7[7] -> 0[0] via P2P/IPC
eflops79:28:106 [5] NCCL INFO Channel 03/0 : 5[5] -> 6[6] via P2P/IPC
eflops79:26:100 [3] NCCL INFO Channel 01/0 : 3[3] -> 4[4] via P2P/IPC
eflops79:26:100 [3] NCCL INFO Channel 02/0 : 3[3] -> 4[4] via P2P/IPC
eflops79:23:99 [0] NCCL INFO Channel 00/0 : 0[0] -> 1[1] via P2P/IPC
eflops79:26:100 [3] NCCL INFO Channel 03/0 : 3[3] -> 4[4] via P2P/IPC
eflops79:23:99 [0] NCCL INFO Channel 01/0 : 0[0] -> 1[1] via P2P/IPC
eflops79:23:99 [0] NCCL INFO Channel 02/0 : 0[0] -> 1[1] via P2P/IPC
eflops79:23:99 [0] NCCL INFO Channel 03/0 : 0[0] -> 1[1] via P2P/IPC
eflops79:29:105 [6] NCCL INFO Connected all rings
eflops79:28:106 [5] NCCL INFO Connected all rings
eflops79:25:103 [2] NCCL INFO Channel 02/0 : 2[2] -> 3[3] via P2P/IPC
eflops79:29:105 [6] NCCL INFO Channel 00/0 : 6[6] -> 5[5] via P2P/IPC
eflops79:25:103 [2] NCCL INFO Channel 03/0 : 2[2] -> 3[3] via P2P/IPC
eflops79:27:102 [4] NCCL INFO Connected all rings
eflops79:29:105 [6] NCCL INFO Channel 01/0 : 6[6] -> 5[5] via P2P/IPC
eflops79:29:105 [6] NCCL INFO Channel 02/0 : 6[6] -> 5[5] via P2P/IPC
eflops79:28:106 [5] NCCL INFO Channel 00/0 : 5[5] -> 4[4] via P2P/IPC
eflops79:29:105 [6] NCCL INFO Channel 03/0 : 6[6] -> 5[5] via P2P/IPC
eflops79:28:106 [5] NCCL INFO Channel 01/0 : 5[5] -> 4[4] via P2P/IPC
eflops79:28:106 [5] NCCL INFO Channel 02/0 : 5[5] -> 4[4] via P2P/IPC
eflops79:24:104 [1] NCCL INFO Connected all rings
eflops79:26:100 [3] NCCL INFO Connected all rings
eflops79:27:102 [4] NCCL INFO Channel 00/0 : 4[4] -> 3[3] via P2P/IPC
eflops79:27:102 [4] NCCL INFO Channel 01/0 : 4[4] -> 3[3] via P2P/IPC
eflops79:30:101 [7] NCCL INFO Connected all rings
eflops79:30:101 [7] NCCL INFO Channel 00/0 : 7[7] -> 6[6] via P2P/IPC
eflops79:23:99 [0] NCCL INFO Connected all rings
eflops79:27:102 [4] NCCL INFO Channel 02/0 : 4[4] -> 3[3] via P2P/IPC
eflops79:30:101 [7] NCCL INFO Channel 01/0 : 7[7] -> 6[6] via P2P/IPC
eflops79:27:102 [4] NCCL INFO Channel 03/0 : 4[4] -> 3[3] via P2P/IPC
eflops79:26:100 [3] NCCL INFO Channel 00/0 : 3[3] -> 2[2] via P2P/IPC
eflops79:24:104 [1] NCCL INFO Channel 00/0 : 1[1] -> 0[0] via P2P/IPC
eflops79:30:101 [7] NCCL INFO Channel 02/0 : 7[7] -> 6[6] via P2P/IPC
eflops79:26:100 [3] NCCL INFO Channel 01/0 : 3[3] -> 2[2] via P2P/IPC
eflops79:24:104 [1] NCCL INFO Channel 01/0 : 1[1] -> 0[0] via P2P/IPC
eflops79:30:101 [7] NCCL INFO Channel 03/0 : 7[7] -> 6[6] via P2P/IPC
eflops79:25:103 [2] NCCL INFO Connected all rings
eflops79:26:100 [3] NCCL INFO Channel 02/0 : 3[3] -> 2[2] via P2P/IPC
eflops79:24:104 [1] NCCL INFO Channel 02/0 : 1[1] -> 0[0] via P2P/IPC
eflops79:28:106 [5] NCCL INFO Channel 03/0 : 5[5] -> 4[4] via P2P/IPC
eflops79:26:100 [3] NCCL INFO Channel 03/0 : 3[3] -> 2[2] via P2P/IPC
eflops79:24:104 [1] NCCL INFO Channel 03/0 : 1[1] -> 0[0] via P2P/IPC
eflops79:30:101 [7] NCCL INFO Connected all trees
eflops79:30:101 [7] NCCL INFO threadThresholds 8/8/64 | 64/8/64 | 512 | 512
eflops79:30:101 [7] NCCL INFO 4 coll channels, 0 nvls channels, 4 p2p channels, 2 p2p channels per peer
eflops79:25:103 [2] NCCL INFO Channel 00/0 : 2[2] -> 1[1] via P2P/IPC
eflops79:23:99 [0] NCCL INFO Connected all trees
eflops79:23:99 [0] NCCL INFO threadThresholds 8/8/64 | 64/8/64 | 512 | 512
eflops79:23:99 [0] NCCL INFO 4 coll channels, 0 nvls channels, 4 p2p channels, 2 p2p channels per peer
eflops79:25:103 [2] NCCL INFO Channel 01/0 : 2[2] -> 1[1] via P2P/IPC
eflops79:28:106 [5] NCCL INFO Connected all trees
eflops79:28:106 [5] NCCL INFO threadThresholds 8/8/64 | 64/8/64 | 512 | 512
eflops79:28:106 [5] NCCL INFO 4 coll channels, 0 nvls channels, 4 p2p channels, 2 p2p channels per peer
eflops79:25:103 [2] NCCL INFO Channel 02/0 : 2[2] -> 1[1] via P2P/IPC
eflops79:27:102 [4] NCCL INFO Connected all trees
eflops79:27:102 [4] NCCL INFO threadThresholds 8/8/64 | 64/8/64 | 512 | 512
eflops79:27:102 [4] NCCL INFO 4 coll channels, 0 nvls channels, 4 p2p channels, 2 p2p channels per peer
eflops79:25:103 [2] NCCL INFO Channel 03/0 : 2[2] -> 1[1] via P2P/IPC
eflops79:29:105 [6] NCCL INFO Connected all trees
eflops79:29:105 [6] NCCL INFO threadThresholds 8/8/64 | 64/8/64 | 512 | 512
eflops79:29:105 [6] NCCL INFO 4 coll channels, 0 nvls channels, 4 p2p channels, 2 p2p channels per peer
eflops79:26:100 [3] NCCL INFO Connected all trees
eflops79:26:100 [3] NCCL INFO threadThresholds 8/8/64 | 64/8/64 | 512 | 512
eflops79:26:100 [3] NCCL INFO 4 coll channels, 0 nvls channels, 4 p2p channels, 2 p2p channels per peer
eflops79:24:104 [1] NCCL INFO Connected all trees
eflops79:24:104 [1] NCCL INFO threadThresholds 8/8/64 | 64/8/64 | 512 | 512
eflops79:24:104 [1] NCCL INFO 4 coll channels, 0 nvls channels, 4 p2p channels, 2 p2p channels per peer
eflops79:25:103 [2] NCCL INFO Connected all trees
eflops79:25:103 [2] NCCL INFO threadThresholds 8/8/64 | 64/8/64 | 512 | 512
eflops79:25:103 [2] NCCL INFO 4 coll channels, 0 nvls channels, 4 p2p channels, 2 p2p channels per peer
eflops79:24:104 [1] NCCL INFO comm 0x112472a0 rank 1 nranks 8 cudaDev 1 nvmlDev 1 busId 26000 commId 0xf3104e65231a057b - Init COMPLETE
eflops79:28:106 [5] NCCL INFO comm 0x10d1e280 rank 5 nranks 8 cudaDev 5 nvmlDev 5 busId a6000 commId 0xf3104e65231a057b - Init COMPLETE
eflops79:26:100 [3] NCCL INFO comm 0x11c00ee0 rank 3 nranks 8 cudaDev 3 nvmlDev 3 busId 2d000 commId 0xf3104e65231a057b - Init COMPLETE
eflops79:30:101 [7] NCCL INFO comm 0x107c0fd0 rank 7 nranks 8 cudaDev 7 nvmlDev 7 busId ad000 commId 0xf3104e65231a057b - Init COMPLETE
eflops79:27:102 [4] NCCL INFO comm 0x11826ca0 rank 4 nranks 8 cudaDev 4 nvmlDev 4 busId a5000 commId 0xf3104e65231a057b - Init COMPLETE
eflops79:29:105 [6] NCCL INFO comm 0x123636c0 rank 6 nranks 8 cudaDev 6 nvmlDev 6 busId a9000 commId 0xf3104e65231a057b - Init COMPLETE
eflops79:23:99 [0] NCCL INFO comm 0x11738380 rank 0 nranks 8 cudaDev 0 nvmlDev 0 busId 25000 commId 0xf3104e65231a057b - Init COMPLETE
eflops79:25:103 [2] NCCL INFO comm 0x121ebaf0 rank 2 nranks 8 cudaDev 2 nvmlDev 2 busId 29000 commId 0xf3104e65231a057b - Init COMPLETE
2025-09-03 09:15:44,825   INFO  GT database has been saved to shared memory
2025-09-03 09:15:44,945   INFO  Loading NuScenes dataset
2025-09-03 09:15:46,654   INFO  Total samples for NuScenes dataset: 28130
2025-09-03 09:15:46,913   INFO  Total samples after balanced resampling: 123580
/root/miniconda3/envs/sparseformerv2/lib/python3.8/site-packages/torch/functional.py:504: UserWarning: torch.meshgrid: in an upcoming release, it will be required to pass the indexing argument. (Triggered internally at ../aten/src/ATen/native/TensorShape.cpp:3526.)
  return _VF.meshgrid(tensors, **kwargs)  # type: ignore[attr-defined]
/root/miniconda3/envs/sparseformerv2/lib/python3.8/site-packages/torch/functional.py:504: UserWarning: torch.meshgrid: in an upcoming release, it will be required to pass the indexing argument. (Triggered internally at ../aten/src/ATen/native/TensorShape.cpp:3526.)
  return _VF.meshgrid(tensors, **kwargs)  # type: ignore[attr-defined]
/root/miniconda3/envs/sparseformerv2/lib/python3.8/site-packages/torch/functional.py:504: UserWarning: torch.meshgrid: in an upcoming release, it will be required to pass the indexing argument. (Triggered internally at ../aten/src/ATen/native/TensorShape.cpp:3526.)
  return _VF.meshgrid(tensors, **kwargs)  # type: ignore[attr-defined]
/root/miniconda3/envs/sparseformerv2/lib/python3.8/site-packages/torch/functional.py:504: UserWarning: torch.meshgrid: in an upcoming release, it will be required to pass the indexing argument. (Triggered internally at ../aten/src/ATen/native/TensorShape.cpp:3526.)
  return _VF.meshgrid(tensors, **kwargs)  # type: ignore[attr-defined]
/root/miniconda3/envs/sparseformerv2/lib/python3.8/site-packages/torch/functional.py:504: UserWarning: torch.meshgrid: in an upcoming release, it will be required to pass the indexing argument. (Triggered internally at ../aten/src/ATen/native/TensorShape.cpp:3526.)
  return _VF.meshgrid(tensors, **kwargs)  # type: ignore[attr-defined]
/root/miniconda3/envs/sparseformerv2/lib/python3.8/site-packages/torch/functional.py:504: UserWarning: torch.meshgrid: in an upcoming release, it will be required to pass the indexing argument. (Triggered internally at ../aten/src/ATen/native/TensorShape.cpp:3526.)
  return _VF.meshgrid(tensors, **kwargs)  # type: ignore[attr-defined]
/root/miniconda3/envs/sparseformerv2/lib/python3.8/site-packages/torch/functional.py:504: UserWarning: torch.meshgrid: in an upcoming release, it will be required to pass the indexing argument. (Triggered internally at ../aten/src/ATen/native/TensorShape.cpp:3526.)
  return _VF.meshgrid(tensors, **kwargs)  # type: ignore[attr-defined]
/root/miniconda3/envs/sparseformerv2/lib/python3.8/site-packages/torch/functional.py:504: UserWarning: torch.meshgrid: in an upcoming release, it will be required to pass the indexing argument. (Triggered internally at ../aten/src/ATen/native/TensorShape.cpp:3526.)
  return _VF.meshgrid(tensors, **kwargs)  # type: ignore[attr-defined]
epochs:   0%|          | 0/20 [00:00<?, ?it/s]epochs:   0%|          | 0/20 [00:00<?, ?it/s]epochs:   0%|          | 0/20 [00:00<?, ?it/s]2025-09-03 09:15:48,805   INFO  ----------- Model TransFusion created, param count: 14007135 -----------
epochs:   0%|          | 0/20 [00:00<?, ?it/s]epochs:   0%|          | 0/20 [00:00<?, ?it/s]epochs:   0%|          | 0/20 [00:00<?, ?it/s]epochs:   0%|          | 0/20 [00:00<?, ?it/s]2025-09-03 09:15:48,805   INFO  DistributedDataParallel(
  (module): TransFusion(
    (vfe): DynamicVoxelVFE(
      (pfn_layers): ModuleList(
        (0): PFNLayerV2(
          (linear): Linear(in_features=11, out_features=32, bias=False)
          (norm): SyncBatchNorm(32, eps=0.001, momentum=0.01, affine=True, track_running_stats=True)
          (relu): ReLU()
        )
        (1): PFNLayerV2(
          (linear): Linear(in_features=64, out_features=64, bias=False)
          (norm): SyncBatchNorm(64, eps=0.001, momentum=0.01, affine=True, track_running_stats=True)
          (relu): ReLU()
        )
      )
    )
    (backbone_3d): VoxelResBackBone8xVoxelNeXt(
      (conv_input): SparseSequential(
        (0): SubMConv3d(64, 64, kernel_size=[3, 3, 3], stride=[1, 1, 1], padding=[1, 1, 1], dilation=[1, 1, 1], output_padding=[0, 0, 0], bias=False, algo=ConvAlgo.MaskImplicitGemm)
        (1): SyncBatchNorm(64, eps=0.001, momentum=0.01, affine=True, track_running_stats=True)
        (2): ReLU()
      )
      (conv1): SparseSequential(
        (0): SparseBasicBlock(
          (conv1): SubMConv3d(64, 64, kernel_size=[3, 3, 3], stride=[1, 1, 1], padding=[1, 1, 1], dilation=[1, 1, 1], output_padding=[0, 0, 0], algo=ConvAlgo.MaskImplicitGemm)
          (bn1): SyncBatchNorm(64, eps=0.001, momentum=0.01, affine=True, track_running_stats=True)
          (relu): ReLU()
          (conv2): SubMConv3d(64, 64, kernel_size=[3, 3, 3], stride=[1, 1, 1], padding=[1, 1, 1], dilation=[1, 1, 1], output_padding=[0, 0, 0], algo=ConvAlgo.MaskImplicitGemm)
          (bn2): SyncBatchNorm(64, eps=0.001, momentum=0.01, affine=True, track_running_stats=True)
        )
        (1): SparseBasicBlock(
          (conv1): SubMConv3d(64, 64, kernel_size=[3, 3, 3], stride=[1, 1, 1], padding=[1, 1, 1], dilation=[1, 1, 1], output_padding=[0, 0, 0], algo=ConvAlgo.MaskImplicitGemm)
          (bn1): SyncBatchNorm(64, eps=0.001, momentum=0.01, affine=True, track_running_stats=True)
          (relu): ReLU()
          (conv2): SubMConv3d(64, 64, kernel_size=[3, 3, 3], stride=[1, 1, 1], padding=[1, 1, 1], dilation=[1, 1, 1], output_padding=[0, 0, 0], algo=ConvAlgo.MaskImplicitGemm)
          (bn2): SyncBatchNorm(64, eps=0.001, momentum=0.01, affine=True, track_running_stats=True)
        )
      )
      (conv2): SparseSequential(
        (0): SparseSequential(
          (0): SparseConv3d(64, 64, kernel_size=[3, 3, 3], stride=[2, 2, 2], padding=[1, 1, 1], dilation=[1, 1, 1], output_padding=[0, 0, 0], bias=False, algo=ConvAlgo.MaskImplicitGemm)
          (1): SyncBatchNorm(64, eps=0.001, momentum=0.01, affine=True, track_running_stats=True)
          (2): ReLU()
        )
        (1): SparseBasicBlock(
          (conv1): SubMConv3d(64, 64, kernel_size=[3, 3, 3], stride=[1, 1, 1], padding=[1, 1, 1], dilation=[1, 1, 1], output_padding=[0, 0, 0], algo=ConvAlgo.MaskImplicitGemm)
          (bn1): SyncBatchNorm(64, eps=0.001, momentum=0.01, affine=True, track_running_stats=True)
          (relu): ReLU()
          (conv2): SubMConv3d(64, 64, kernel_size=[3, 3, 3], stride=[1, 1, 1], padding=[1, 1, 1], dilation=[1, 1, 1], output_padding=[0, 0, 0], algo=ConvAlgo.MaskImplicitGemm)
          (bn2): SyncBatchNorm(64, eps=0.001, momentum=0.01, affine=True, track_running_stats=True)
        )
        (2): SparseBasicBlock(
          (conv1): SubMConv3d(64, 64, kernel_size=[3, 3, 3], stride=[1, 1, 1], padding=[1, 1, 1], dilation=[1, 1, 1], output_padding=[0, 0, 0], algo=ConvAlgo.MaskImplicitGemm)
          (bn1): SyncBatchNorm(64, eps=0.001, momentum=0.01, affine=True, track_running_stats=True)
          (relu): ReLU()
          (conv2): SubMConv3d(64, 64, kernel_size=[3, 3, 3], stride=[1, 1, 1], padding=[1, 1, 1], dilation=[1, 1, 1], output_padding=[0, 0, 0], algo=ConvAlgo.MaskImplicitGemm)
          (bn2): SyncBatchNorm(64, eps=0.001, momentum=0.01, affine=True, track_running_stats=True)
        )
      )
      (conv3): SparseSequential(
        (0): SparseSequential(
          (0): SparseConv3d(64, 64, kernel_size=[3, 3, 3], stride=[2, 2, 2], padding=[1, 1, 1], dilation=[1, 1, 1], output_padding=[0, 0, 0], bias=False, algo=ConvAlgo.MaskImplicitGemm)
          (1): SyncBatchNorm(64, eps=0.001, momentum=0.01, affine=True, track_running_stats=True)
          (2): ReLU()
        )
        (1): SparseBasicBlock(
          (conv1): SubMConv3d(64, 64, kernel_size=[3, 3, 3], stride=[1, 1, 1], padding=[1, 1, 1], dilation=[1, 1, 1], output_padding=[0, 0, 0], algo=ConvAlgo.MaskImplicitGemm)
          (bn1): SyncBatchNorm(64, eps=0.001, momentum=0.01, affine=True, track_running_stats=True)
          (relu): ReLU()
